[    1768ms] [LOG] %c
⫘⫘⫘⫘⫘⫘⫘⫘⫘⫘⫘⫘⫘⫘⫘⫘⫘⫘⫘⫘⫘⫘⫘⫘⫘⫘⫘⫘⫘⫘⫘⫘⫘⫘⫘⫘⫘⫘⫘⫘⫘

         ###                                               ###                                      
#/        ###             #    #/                           ###             #               #/       
##         ##            ###   ##             #              ##            ###              ##       
##         ##             #    ##            ##              ##             #               ##       
##         ##                  ##            ##              ##                             ##       
## /###    ##      /##  ###    ## /###     ######## /###     ##      /##  ###       /###    ##  /##  
##/ ###    ##     / ###  ###   ##/ ###  / ######## /  ###  / ##     / ###  ###     / ###  / ## / ### 
##   ###/  ##    /   ###  ##   ##   ###/     ##   /    ###/  ##    /   ###  ##    /   ###/  ##/   ###
##    ##   ##   ##    ### ##   ##    ##      ##  ##     ##   ##   ##    ### ##   ##         ##     ##
##    ##   ##   ########  ##   ##    ##      ##  ##     ##   ##   ########  ##   ##         ##     ##
##    ##   ##   #######   ##   ##    ##      ##  ##     ##   ##   #######   ##   ##         ##     ##
##    ##   ##   ##        ##   ##    ##      ##  ##     ##   ##   ##        ##   ##         ##     ##
##    /#   ##   ####    / ##   ##    /#      ##  ##     ##   ##   ####    / ##   ###     /  ##     ##
 ####/     ### / ######/  ### / ####/        ##   ########   ### / ######/  ### / ######/   ##     ##
  ###       ##/   #####    ##/   ###          ##    ### ###   ##/   #####    ##/   #####     ##    ##
                                                         ###                                       
                                                   ####   ###                                      
                                                  ######  /#                                        
                                                      ###/                                          

⫘⫘⫘⫘⫘⫘⫘⫘⫘⫘⫘⫘⫘⫘⫘⫘⫘⫘⫘⫘⫘⫘⫘⫘⫘⫘⫘⫘⫘⫘⫘⫘⫘⫘⫘⫘⫘⫘⫘⫘⫘

System Log: Bleibtgleich v4.0
The machine runs on precision, structure, and a bit of controlled chaos. Here’s what’s under the hood:

[*] - Launch Date..:            27.07.2026
[*] - Version......:            v4.0
[*] - Frontend.....:            Webflow / GSAP / WebGL
[*] - API..........:            WebSockets
[*] - Credits......:            OSMO, Edoardo Lunardi — base snippets for some effects

[*] - Notes........:            -

[*] - Interactions.:            Want to say something?
                                Press "/" on your keyboard

⫘⫘⫘⫘⫘⫘⫘⫘⫘⫘⫘⫘⫘⫘⫘⫘⫘⫘⫘⫘⫘⫘⫘⫘⫘⫘⫘⫘⫘⫘⫘⫘⫘⫘⫘⫘⫘⫘⫘⫘⫘
  
       font-size:10px;color: rgb(255, 255, 255);font-family:monospace; @ https://bleibtgleich.dev/:251
